product  success  fail  unknown  total  
consul   2        1     1        4      
nomad    0        1     1        2      
