SUMMARY OF SEEKER STATUS BY PRODUCT
-----------------------------------
product  success  fail  unknown  total  
