The diagnostic run has completed. The results bundle can be found at <unknown>.
product  success  fail  skip  canceled  timeout  unknown  total  
